// Jest Snapshot v1, https://goo.gl/fbAQLP

exports[`return formated date 1`] = `"02.12.2018"`;
