// Jest Snapshot v1, https://goo.gl/fbAQLP

exports[`Loader return null when isLoading = false 1`] = `
<div
  aria-valuenow={100}
  className="MuiLinearProgress-root MuiLinearProgress-colorPrimary MuiLinearProgress-determinate"
  role="progressbar"
>
  <div
    className="MuiLinearProgress-bar MuiLinearProgress-barColorPrimary MuiLinearProgress-bar1Determinate"
    style={
      Object {
        "transform": "translateX(0%)",
      }
    }
  />
</div>
`;

exports[`return Loader 1`] = `
<div
  className="MuiLinearProgress-root MuiLinearProgress-colorPrimary MuiLinearProgress-indeterminate"
  role="progressbar"
>
  <div
    className="MuiLinearProgress-bar MuiLinearProgress-barColorPrimary MuiLinearProgress-bar1Indeterminate"
    style={Object {}}
  />
  <div
    className="MuiLinearProgress-bar MuiLinearProgress-bar2Indeterminate MuiLinearProgress-barColorPrimary"
    style={Object {}}
  />
</div>
`;
